{
    "name": "vendor/lib-category-client",
    "description": "CategoryClient",
    "autoload": {
        "psr-4": {
            "Paysera\\Test\\CategoryClient\\": "src"
        }
    },
    "require": {
        "php": ">=5.5",
        "paysera/lib-rest-client-common": "^1.0 | ^2.5",
        "fig/http-message-util": "^1.0"
    },
    "minimum-stability": "stable"
}
